// Jest Snapshot v1, https://goo.gl/fbAQLP

exports[`Profile EditAvatarLinks Renders 1`] = `
<div>
  <Link
    className="form__button form__button--tertiary"
    key="skinColor"
    replace={false}
    to="/edit-profile/skinColor"
  >
    Skin Colour
  </Link>
  <Link
    className="form__button form__button--tertiary"
    key="topType"
    replace={false}
    to="/edit-profile/topType"
  >
    Hair or Headware
  </Link>
  <Link
    className="form__button form__button--tertiary"
    key="hairColor"
    replace={false}
    to="/edit-profile/hairColor"
  >
    Hair Colour
  </Link>
  <Link
    className="form__button form__button--tertiary"
    key="facialHairType"
    replace={false}
    to="/edit-profile/facialHairType"
  >
    Facial Hair Type
  </Link>
  <Link
    className="form__button form__button--tertiary"
    key="accessoriesType"
    replace={false}
    to="/edit-profile/accessoriesType"
  >
    Glasses
  </Link>
  <Link
    className="form__button form__button--tertiary"
    key="clotheType"
    replace={false}
    to="/edit-profile/clotheType"
  >
    Clothing Type
  </Link>
</div>
`;

exports[`Profile Renders 1`] = `
<div
  className="profile-editor"
>
  <div
    className="profile-editor__column"
  >
    <div
      className="profile-editor__avatar"
    >
      <AvatarComponent
        accessoriesType="Blank"
        avatarStyle="Transparent"
        clotheColor="Blue03"
        clotheType="BlazerShirt"
        eyeType="Default"
        eyebrowType="Default"
        facialHairColor="BrownDark"
        facialHairType="Blank"
        hairColor="BrownDark"
        mouthType="Twinkle"
        skinColor="Light"
        topType="LongHairStraight"
      />
    </div>
    <div
      className="profile-editor__field"
    >
      <label
        htmlFor="profile-name"
      >
        Name:
      </label>
      <input
        className="form__input"
        id="profile-name"
        maxLength={10}
        onChange={[Function]}
        placeholder="Name"
        type="text"
        value="Player 1"
      />
      <div
        className="form__button-holder form__button-holder--tight"
      >
        <Link
          className="form__button form__button--secondary"
          replace={false}
          to="/chores"
        >
          Cancel
        </Link>
        <Link
          className="form__button form__button"
          id="profile-save-player"
          onClick={[Function]}
          replace={false}
          to="/chores"
        >
          Save
        </Link>
      </div>
      <button
        className="form__button form__button--tertiary"
        id="profile-sign-out"
        onClick={[Function]}
      >
        Sign out
      </button>
    </div>
  </div>
  <div
    className="profile-editor__column"
  >
    <p
      className="profile-editor__field"
    >
      Appearance:
    </p>
    <EditAvatarLinks
      avatar={
        Object {
          "accessoriesType": "Blank",
          "avatarStyle": "Transparent",
          "clotheColor": "Blue03",
          "clotheType": "BlazerShirt",
          "eyeType": "Default",
          "eyebrowType": "Default",
          "facialHairColor": "BrownDark",
          "facialHairType": "Blank",
          "hairColor": "BrownDark",
          "mouthType": "Twinkle",
          "skinColor": "Light",
          "topType": "LongHairStraight",
        }
      }
    />
  </div>
</div>
`;
