// Jest Snapshot v1, https://goo.gl/fbAQLP

exports[`Chore Menu Can be toggled 1`] = `
<div
  className="chore-menu"
>
  <button
    className="chore-menu__button js-toggle-menu"
    onClick={[Function]}
  >
    <span
      className="chore-menu__button-icon"
    >
      …
    </span>
  </button>
  <div
    className="chore-menu__menu chore-menu__menu--visible"
  >
    <Link
      className="chore-menu__item"
      replace={false}
      to="/chores/edit/test-chore"
    >
      Edit
    </Link>
    <button
      className="chore-menu__item js-remove-chore"
      onClick={[Function]}
    >
      Delete
    </button>
  </div>
</div>
`;

exports[`Chore Menu Renders a new chore menu 1`] = `
<div
  className="chore-menu"
>
  <button
    className="chore-menu__button js-toggle-menu"
    onClick={[Function]}
  >
    <span
      className="chore-menu__button-icon"
    >
      …
    </span>
  </button>
  <div
    className="chore-menu__menu"
  >
    <Link
      className="chore-menu__item"
      replace={false}
      to="/chores/edit/test-chore"
    >
      Edit
    </Link>
    <button
      className="chore-menu__item js-remove-chore"
      onClick={[Function]}
    >
      Delete
    </button>
  </div>
</div>
`;
