// Jest Snapshot v1, https://goo.gl/fbAQLP

exports[`Actions Renders 1`] = `
<div
  className="actions"
>
  <button
    className="actions__toggle-button"
    onClick={[Function]}
  >
    Toggle menu
  </button>
  <div
    className="actions__actions"
  >
    <Link
      className="form__button"
      replace={false}
      to="/chores/new"
    >
      Add a chore
    </Link>
    <Link
      className="form__button"
      id="actions-create-chain"
      replace={false}
      to="/chain/new"
    >
      Create a chain
    </Link>
    <button
      className="form__button form__button--secondary"
      disabled={false}
      id="actions-undo"
      onClick={[Function]}
    >
      Undo
    </button>
    <button
      className="form__button form__button--secondary"
      id="actions-sign-out"
      onClick={[Function]}
    >
      Sign out
    </button>
  </div>
</div>
`;
